<!DOCTYPE html>
<html>
<head lang="en">
    <meta charset="UTF-8">
    <title></title>
</head>
<body>

<div class="comp1">
    <span>i am attr1</span>
    <span>I am attr2</span>
    

</div>

<div class="tagtype1">
    <span>i am attr1</span>
    <span>I am attr2</span>
    

    <div class="comp1">
    <span>i am attr1</span>
    <span>I am attr2</span>
        

        <div class="tagtype1">
    
    bla end
</div>
    
</div>

</div>

</body>
</html>