<!DOCTYPE html>
<html>
<head lang="en">
    <meta charset="UTF-8">
    <title></title>
</head>
<body>

<div>
    <script type="text/html">
        <div class="comp1">
    <span>Another test</span>
    
</div>
    </script>
    <script type="text/html"><![CDATA[
        <div class="comp1">
    <span>a test again</span>
    
</div>
        ]]></script>
    <script>
        var toto = '<div>machin</div>';
        var toto2 = '<comp1 attr1="mytests"></comp1>';
    </script>

    <div class="comp1">
    <span>Another test</span>
    
</div>
</div>

</body>
</html>